nftset=/adguard.com/4#inet#fw4#vpn_domains
nftset=/ads-twitter.com/4#inet#fw4#vpn_domains
nftset=/adultmult.tv/4#inet#fw4#vpn_domains
nftset=/ai-chat.bsg.brave.com/4#inet#fw4#vpn_domains
nftset=/ai.com/4#inet#fw4#vpn_domains
nftset=/amedia.site/4#inet#fw4#vpn_domains
nftset=/amnezia.org/4#inet#fw4#vpn_domains
nftset=/anidub.com/4#inet#fw4#vpn_domains
nftset=/anilibria.tv/4#inet#fw4#vpn_domains
nftset=/anilibria.uno/4#inet#fw4#vpn_domains
nftset=/animaunt.org/4#inet#fw4#vpn_domains
nftset=/anime-portal.su/4#inet#fw4#vpn_domains
nftset=/animebest.org/4#inet#fw4#vpn_domains
nftset=/animedia.tv/4#inet#fw4#vpn_domains
nftset=/animego.org/4#inet#fw4#vpn_domains
nftset=/animespirit.ru/4#inet#fw4#vpn_domains
nftset=/anistar.org/4#inet#fw4#vpn_domains
nftset=/anistars.ru/4#inet#fw4#vpn_domains
nftset=/canva.com/4#inet#fw4#vpn_domains
nftset=/canva.dev/4#inet#fw4#vpn_domains
nftset=/capcut.com/4#inet#fw4#vpn_domains
nftset=/cdn1d-static-shared.phncdn.com/4#inet#fw4#vpn_domains
nftset=/cv-h.phncdn.com/4#inet#fw4#vpn_domains
nftset=/cdninstagram.com/4#inet#fw4#vpn_domains
nftset=/chat.com/4#inet#fw4#vpn_domains
nftset=/chat.openai.com.cdn.cloudflare.net/4#inet#fw4#vpn_domains
nftset=/chatgpt.com/4#inet#fw4#vpn_domains
nftset=/copilot.microsoft.com/4#inet#fw4#vpn_domains
nftset=/coursera.org/4#inet#fw4#vpn_domains
nftset=/dis.gd/4#inet#fw4#vpn_domains
nftset=/discord-activities.com/4#inet#fw4#vpn_domains
nftset=/discord-attachments-uploads-prd.storage.googleapis.com/4#inet#fw4#vpn_domains
nftset=/discord.co/4#inet#fw4#vpn_domains
nftset=/discord.com/4#inet#fw4#vpn_domains
nftset=/discord.design/4#inet#fw4#vpn_domains
nftset=/discord.dev/4#inet#fw4#vpn_domains
nftset=/discord.gg/4#inet#fw4#vpn_domains
nftset=/discord.gift/4#inet#fw4#vpn_domains
nftset=/discord.gifts/4#inet#fw4#vpn_domains
nftset=/discord.media/4#inet#fw4#vpn_domains
nftset=/discord.new/4#inet#fw4#vpn_domains
nftset=/discord.store/4#inet#fw4#vpn_domains
nftset=/discord.tools/4#inet#fw4#vpn_domains
nftset=/discordactivities.com/4#inet#fw4#vpn_domains
nftset=/discordapp.com/4#inet#fw4#vpn_domains
nftset=/discordapp.net/4#inet#fw4#vpn_domains
nftset=/discordmerch.com/4#inet#fw4#vpn_domains
nftset=/discordpartygames.com/4#inet#fw4#vpn_domains
nftset=/discordsays.com/4#inet#fw4#vpn_domains
nftset=/dorama.live/4#inet#fw4#vpn_domains
nftset=/doramalive.ru/4#inet#fw4#vpn_domains
nftset=/doramy.club/4#inet#fw4#vpn_domains
nftset=/e1v-h.phncdn.com/4#inet#fw4#vpn_domains
nftset=/ew.phncdn.com/4#inet#fw4#vpn_domains
nftset=/ei.phncdn.com/4#inet#fw4#vpn_domains
nftset=/ig.me/4#inet#fw4#vpn_domains
nftset=/instagram.com/4#inet#fw4#vpn_domains
nftset=/facebook.com/4#inet#fw4#vpn_domains
nftset=/facebook.net/4#inet#fw4#vpn_domains
nftset=/fb.com/4#inet#fw4#vpn_domains
nftset=/fbcdn.com/4#inet#fw4#vpn_domains
nftset=/fbcdn.net/4#inet#fw4#vpn_domains
nftset=/filmitorrent.net/4#inet#fw4#vpn_domains
nftset=/filmix.ac/4#inet#fw4#vpn_domains
nftset=/filmix.biz/4#inet#fw4#vpn_domains
nftset=/filmix.day/4#inet#fw4#vpn_domains
nftset=/filmix.fm/4#inet#fw4#vpn_domains
nftset=/filmix.la/4#inet#fw4#vpn_domains
nftset=/foxnews.com/4#inet#fw4#vpn_domains
nftset=/gemini.google.com/4#inet#fw4#vpn_domains
nftset=/habr.com/4#inet#fw4#vpn_domains
nftset=/hdkinoteatr.com/4#inet#fw4#vpn_domains
nftset=/hdrezka.ac/4#inet#fw4#vpn_domains
nftset=/hdrezka.ag/4#inet#fw4#vpn_domains
nftset=/hdrezka.me/4#inet#fw4#vpn_domains
nftset=/hqporner.com/4#inet#fw4#vpn_domains
nftset=/instagram.com/4#inet#fw4#vpn_domains
nftset=/jut-su.net/4#inet#fw4#vpn_domains
nftset=/jut.su/4#inet#fw4#vpn_domains
nftset=/kino.pub/4#inet#fw4#vpn_domains
nftset=/kinogo.ec/4#inet#fw4#vpn_domains
nftset=/kinogo.la/4#inet#fw4#vpn_domains
nftset=/kinogo.uk/4#inet#fw4#vpn_domains
nftset=/kinovod.net/4#inet#fw4#vpn_domains
nftset=/kinozal.guru/4#inet#fw4#vpn_domains
nftset=/kinozal.tv/4#inet#fw4#vpn_domains
nftset=/linkedin.com/4#inet#fw4#vpn_domains
nftset=/lolz.guru/4#inet#fw4#vpn_domains
nftset=/lostfilm.tv/4#inet#fw4#vpn_domains
nftset=/lostfilmtv2.site/4#inet#fw4#vpn_domains
nftset=/meta.com/4#inet#fw4#vpn_domains
nftset=/multporn.net/4#inet#fw4#vpn_domains
nftset=/mydoramy.club/4#inet#fw4#vpn_domains
nftset=/netflix.ca/4#inet#fw4#vpn_domains
nftset=/netflix.com/4#inet#fw4#vpn_domains
nftset=/netflix.net/4#inet#fw4#vpn_domains
nftset=/netflixinvestor.com/4#inet#fw4#vpn_domains
nftset=/netflixtechblog.com/4#inet#fw4#vpn_domains
nftset=/netlify.com/4#inet#fw4#vpn_domains
nftset=/nhentai.com/4#inet#fw4#vpn_domains
nftset=/ntc.party/4#inet#fw4#vpn_domains
nftset=/oculus.com/4#inet#fw4#vpn_domains
nftset=/openai.com/4#inet#fw4#vpn_domains
nftset=/patreon.com/4#inet#fw4#vpn_domains
nftset=/phncdn.com/4#inet#fw4#vpn_domains
nftset=/plab.site/4#inet#fw4#vpn_domains
nftset=/pornhub.com/4#inet#fw4#vpn_domains
nftset=/pornhub.org/4#inet#fw4#vpn_domains
nftset=/rt.pornhub.com/4#inet#fw4#vpn_domains
nftset=/pornolab.net/4#inet#fw4#vpn_domains
nftset=/rdtcdn.com/4#inet#fw4#vpn_domains
nftset=/rutor.info/4#inet#fw4#vpn_domains
nftset=/rutor.is/4#inet#fw4#vpn_domains
nftset=/rutor.org/4#inet#fw4#vpn_domains
nftset=/rutracker.cc/4#inet#fw4#vpn_domains
nftset=/rutracker.net/4#inet#fw4#vpn_domains
nftset=/rutracker.org/4#inet#fw4#vpn_domains
nftset=/rutracker.wiki/4#inet#fw4#vpn_domains
nftset=/shiza-project.com/4#inet#fw4#vpn_domains
nftset=/sketchup.com/4#inet#fw4#vpn_domains
nftset=/soundcloud.com/4#inet#fw4#vpn_domains
nftset=/spotify.com/4#inet#fw4#vpn_domains
nftset=/squietpc.com/4#inet#fw4#vpn_domains
nftset=/ss.phncdn.com/4#inet#fw4#vpn_domains
nftset=/static.lostfilm.top/4#inet#fw4#vpn_domains
nftset=/supercell.com/4#inet#fw4#vpn_domains
nftset=/t.co/4#inet#fw4#vpn_domains
nftset=/teamviewer.com/4#inet#fw4#vpn_domains
nftset=/themoviedb.org/4#inet#fw4#vpn_domains
nftset=/tik-tokapi.com/4#inet#fw4#vpn_domains
nftset=/tiktok.com/4#inet#fw4#vpn_domains
nftset=/tiktokcdn-eu.com/4#inet#fw4#vpn_domains
nftset=/tiktokcdn-us.com/4#inet#fw4#vpn_domains
nftset=/tiktokcdn.com/4#inet#fw4#vpn_domains
nftset=/tiktokd.net/4#inet#fw4#vpn_domains
nftset=/tiktokd.org/4#inet#fw4#vpn_domains
nftset=/tiktokv.com/4#inet#fw4#vpn_domains
nftset=/tiktokv.us/4#inet#fw4#vpn_domains
nftset=/tiktokw.us/4#inet#fw4#vpn_domains
nftset=/torrentgalaxy.to/4#inet#fw4#vpn_domains
nftset=/tweetdeck.com/4#inet#fw4#vpn_domains
nftset=/twimg.com/4#inet#fw4#vpn_domains
nftset=/twirpx.com/4#inet#fw4#vpn_domains
nftset=/twitpic.com/4#inet#fw4#vpn_domains
nftset=/twitter.biz/4#inet#fw4#vpn_domains
nftset=/twitter.com/4#inet#fw4#vpn_domains
nftset=/twitter.jp/4#inet#fw4#vpn_domains
nftset=/twittercommunity.com/4#inet#fw4#vpn_domains
nftset=/twitterflightschool.com/4#inet#fw4#vpn_domains
nftset=/twitterinc.com/4#inet#fw4#vpn_domains
nftset=/twitteroauth.com/4#inet#fw4#vpn_domains
nftset=/twitterstat.us/4#inet#fw4#vpn_domains
nftset=/twtrdns.net/4#inet#fw4#vpn_domains
nftset=/twttr.com/4#inet#fw4#vpn_domains
nftset=/twttr.net/4#inet#fw4#vpn_domains
nftset=/twvid.com/4#inet#fw4#vpn_domains
nftset=/vmware.com/4#inet#fw4#vpn_domains
nftset=/watermarkremover.io/4#inet#fw4#vpn_domains
nftset=/wstracker.online/4#inet#fw4#vpn_domains
nftset=/www.pornhub.com/4#inet#fw4#vpn_domains
nftset=/x.ai/4#inet#fw4#vpn_domains
nftset=/x.com/4#inet#fw4#vpn_domains
nftset=/xhamster.com/4#inet#fw4#vpn_domains
nftset=/xhcdn.com/4#inet#fw4#vpn_domains
nftset=/xv-ru.com/4#inet#fw4#vpn_domains
nftset=/xvideos-cdn.com/4#inet#fw4#vpn_domains
nftset=/xvideos.com/4#inet#fw4#vpn_domains
nftset=/yummyani.me/4#inet#fw4#vpn_domains
nftset=/yandexwebcache.org/4#inet#fw4#vpn_domains
